Archive member included to satisfy reference by file (symbol)

C:/ST/STM32CubeIDE_2.1.1/STM32CubeIDE/plugins/com.st.stm32cube.ide.mcu.externaltools.gnu-tools-for-stm32.14.3.rel1.win32_1.0.100.202602081740/tools/bin/../lib/gcc/arm-none-eabi/14.3.1/../../../../arm-none-eabi/lib/thumb/v7-m/nofp\libc_nano.a(libc_a-exit.o)
                              C:/ST/STM32CubeIDE_2.1.1/STM32CubeIDE/plugins/com.st.stm32cube.ide.mcu.externaltools.gnu-tools-for-stm32.14.3.rel1.win32_1.0.100.202602081740/tools/bin/../lib/gcc/arm-none-eabi/14.3.1/../../../../arm-none-eabi/lib/thumb/v7-m/nofp/crt0.o (exit)
C:/ST/STM32CubeIDE_2.1.1/STM32CubeIDE/plugins/com.st.stm32cube.ide.mcu.externaltools.gnu-tools-for-stm32.14.3.rel1.win32_1.0.100.202602081740/tools/bin/../lib/gcc/arm-none-eabi/14.3.1/../../../../arm-none-eabi/lib/thumb/v7-m/nofp\libc_nano.a(libc_a-findfp.o)
                              C:/ST/STM32CubeIDE_2.1.1/STM32CubeIDE/plugins/com.st.stm32cube.ide.mcu.externaltools.gnu-tools-for-stm32.14.3.rel1.win32_1.0.100.202602081740/tools/bin/../lib/gcc/arm-none-eabi/14.3.1/../../../../arm-none-eabi/lib/thumb/v7-m/nofp\libc_nano.a(libc_a-exit.o) (__stdio_exit_handler)
C:/ST/STM32CubeIDE_2.1.1/STM32CubeIDE/plugins/com.st.stm32cube.ide.mcu.externaltools.gnu-tools-for-stm32.14.3.rel1.win32_1.0.100.202602081740/tools/bin/../lib/gcc/arm-none-eabi/14.3.1/../../../../arm-none-eabi/lib/thumb/v7-m/nofp\libc_nano.a(libc_a-fwalk.o)
                              C:/ST/STM32CubeIDE_2.1.1/STM32CubeIDE/plugins/com.st.stm32cube.ide.mcu.externaltools.gnu-tools-for-stm32.14.3.rel1.win32_1.0.100.202602081740/tools/bin/../lib/gcc/arm-none-eabi/14.3.1/../../../../arm-none-eabi/lib/thumb/v7-m/nofp\libc_nano.a(libc_a-findfp.o) (_fwalk_sglue)
C:/ST/STM32CubeIDE_2.1.1/STM32CubeIDE/plugins/com.st.stm32cube.ide.mcu.externaltools.gnu-tools-for-stm32.14.3.rel1.win32_1.0.100.202602081740/tools/bin/../lib/gcc/arm-none-eabi/14.3.1/../../../../arm-none-eabi/lib/thumb/v7-m/nofp\libc_nano.a(libc_a-stdio.o)
                              C:/ST/STM32CubeIDE_2.1.1/STM32CubeIDE/plugins/com.st.stm32cube.ide.mcu.externaltools.gnu-tools-for-stm32.14.3.rel1.win32_1.0.100.202602081740/tools/bin/../lib/gcc/arm-none-eabi/14.3.1/../../../../arm-none-eabi/lib/thumb/v7-m/nofp\libc_nano.a(libc_a-findfp.o) (__sread)
C:/ST/STM32CubeIDE_2.1.1/STM32CubeIDE/plugins/com.st.stm32cube.ide.mcu.externaltools.gnu-tools-for-stm32.14.3.rel1.win32_1.0.100.202602081740/tools/bin/../lib/gcc/arm-none-eabi/14.3.1/../../../../arm-none-eabi/lib/thumb/v7-m/nofp\libc_nano.a(libc_a-memset.o)
                              C:/ST/STM32CubeIDE_2.1.1/STM32CubeIDE/plugins/com.st.stm32cube.ide.mcu.externaltools.gnu-tools-for-stm32.14.3.rel1.win32_1.0.100.202602081740/tools/bin/../lib/gcc/arm-none-eabi/14.3.1/../../../../arm-none-eabi/lib/thumb/v7-m/nofp/crt0.o (memset)
C:/ST/STM32CubeIDE_2.1.1/STM32CubeIDE/plugins/com.st.stm32cube.ide.mcu.externaltools.gnu-tools-for-stm32.14.3.rel1.win32_1.0.100.202602081740/tools/bin/../lib/gcc/arm-none-eabi/14.3.1/../../../../arm-none-eabi/lib/thumb/v7-m/nofp\libc_nano.a(libc_a-closer.o)
                              C:/ST/STM32CubeIDE_2.1.1/STM32CubeIDE/plugins/com.st.stm32cube.ide.mcu.externaltools.gnu-tools-for-stm32.14.3.rel1.win32_1.0.100.202602081740/tools/bin/../lib/gcc/arm-none-eabi/14.3.1/../../../../arm-none-eabi/lib/thumb/v7-m/nofp\libc_nano.a(libc_a-stdio.o) (_close_r)
C:/ST/STM32CubeIDE_2.1.1/STM32CubeIDE/plugins/com.st.stm32cube.ide.mcu.externaltools.gnu-tools-for-stm32.14.3.rel1.win32_1.0.100.202602081740/tools/bin/../lib/gcc/arm-none-eabi/14.3.1/../../../../arm-none-eabi/lib/thumb/v7-m/nofp\libc_nano.a(libc_a-reent.o)
                              C:/ST/STM32CubeIDE_2.1.1/STM32CubeIDE/plugins/com.st.stm32cube.ide.mcu.externaltools.gnu-tools-for-stm32.14.3.rel1.win32_1.0.100.202602081740/tools/bin/../lib/gcc/arm-none-eabi/14.3.1/../../../../arm-none-eabi/lib/thumb/v7-m/nofp\libc_nano.a(libc_a-closer.o) (errno)
C:/ST/STM32CubeIDE_2.1.1/STM32CubeIDE/plugins/com.st.stm32cube.ide.mcu.externaltools.gnu-tools-for-stm32.14.3.rel1.win32_1.0.100.202602081740/tools/bin/../lib/gcc/arm-none-eabi/14.3.1/../../../../arm-none-eabi/lib/thumb/v7-m/nofp\libc_nano.a(libc_a-impure.o)
                              C:/ST/STM32CubeIDE_2.1.1/STM32CubeIDE/plugins/com.st.stm32cube.ide.mcu.externaltools.gnu-tools-for-stm32.14.3.rel1.win32_1.0.100.202602081740/tools/bin/../lib/gcc/arm-none-eabi/14.3.1/../../../../arm-none-eabi/lib/thumb/v7-m/nofp\libc_nano.a(libc_a-reent.o) (_impure_ptr)
C:/ST/STM32CubeIDE_2.1.1/STM32CubeIDE/plugins/com.st.stm32cube.ide.mcu.externaltools.gnu-tools-for-stm32.14.3.rel1.win32_1.0.100.202602081740/tools/bin/../lib/gcc/arm-none-eabi/14.3.1/../../../../arm-none-eabi/lib/thumb/v7-m/nofp\libc_nano.a(libc_a-lseekr.o)
[...]
Memory Configuration

Name             Origin             Length             Attributes
RAM              0x20000000         0x00005000         xrw
FLASH            0x08000000         0x00020000         xr
*default*        0x00000000         0xffffffff

Linker script and memory map

LOAD C:/ST/STM32CubeIDE_2.1.1/STM32CubeIDE/plugins/com.st.stm32cube.ide.mcu.externaltools.gnu-tools-for-stm32.14.3.rel1.win32_1.0.100.202602081740/tools/bin/../lib/gcc/arm-none-eabi/14.3.1/thumb/v7-m/nofp/crti.o
LOAD C:/ST/STM32CubeIDE_2.1.1/STM32CubeIDE/plugins/com.st.stm32cube.ide.mcu.externaltools.gnu-tools-for-stm32.14.3.rel1.win32_1.0.100.202602081740/tools/bin/../lib/gcc/arm-none-eabi/14.3.1/thumb/v7-m/nofp/crtbegin.o
LOAD C:/ST/STM32CubeIDE_2.1.1/STM32CubeIDE/plugins/com.st.stm32cube.ide.mcu.externaltools.gnu-tools-for-stm32.14.3.rel1.win32_1.0.100.202602081740/tools/bin/../lib/gcc/arm-none-eabi/14.3.1/../../../../arm-none-eabi/lib/thumb/v7-m/nofp/crt0.o
LOAD ./Core/Src/main.o
LOAD ./Core/Src/stm32f1xx_it.o
LOAD ./Core/Src/syscalls.o
LOAD ./Core/Src/sysmem.o
LOAD ./Core/Src/system_stm32f1xx.o
LOAD ./Core/Startup/startup_stm32f103rbtx.o
LOAD ./Drivers/STM32F1xx_HAL_Driver/Src/stm32f1xx_ll_dma.o
LOAD ./Drivers/STM32F1xx_HAL_Driver/Src/stm32f1xx_ll_exti.o
LOAD ./Drivers/STM32F1xx_HAL_Driver/Src/stm32f1xx_ll_gpio.o
LOAD ./Drivers/STM32F1xx_HAL_Driver/Src/stm32f1xx_ll_pwr.o
LOAD ./Drivers/STM32F1xx_HAL_Driver/Src/stm32f1xx_ll_rcc.o
LOAD ./Drivers/STM32F1xx_HAL_Driver/Src/stm32f1xx_ll_tim.o
LOAD ./Drivers/STM32F1xx_HAL_Driver/Src/stm32f1xx_ll_utils.o
START GROUP
LOAD C:/ST/STM32CubeIDE_2.1.1/STM32CubeIDE/plugins/com.st.stm32cube.ide.mcu.externaltools.gnu-tools-for-stm32.14.3.rel1.win32_1.0.100.202602081740/tools/bin/../lib/gcc/arm-none-eabi/14.3.1/../../../../arm-none-eabi/lib/thumb/v7-m/nofp\libc_nano.a
LOAD C:/ST/STM32CubeIDE_2.1.1/STM32CubeIDE/plugins/com.st.stm32cube.ide.mcu.externaltools.gnu-tools-for-stm32.14.3.rel1.win32_1.0.100.202602081740/tools/bin/../lib/gcc/arm-none-eabi/14.3.1/../../../../arm-none-eabi/lib/thumb/v7-m/nofp\libm.a
END GROUP
START GROUP
LOAD C:/ST/STM32CubeIDE_2.1.1/STM32CubeIDE/plugins/com.st.stm32cube.ide.mcu.externaltools.gnu-tools-for-stm32.14.3.rel1.win32_1.0.100.202602081740/tools/bin/../lib/gcc/arm-none-eabi/14.3.1/thumb/v7-m/nofp\libgcc.a
LOAD C:/ST/STM32CubeIDE_2.1.1/STM32CubeIDE/plugins/com.st.stm32cube.ide.mcu.externaltools.gnu-tools-for-stm32.14.3.rel1.win32_1.0.100.202602081740/tools/bin/../lib/gcc/arm-none-eabi/14.3.1/../../../../arm-none-eabi/lib/thumb/v7-m/nofp\libc_nano.a
END GROUP
START GROUP
LOAD C:/ST/STM32CubeIDE_2.1.1/STM32CubeIDE/plugins/com.st.stm32cube.ide.mcu.externaltools.gnu-tools-for-stm32.14.3.rel1.win32_1.0.100.202602081740/tools/bin/../lib/gcc/arm-none-eabi/14.3.1/thumb/v7-m/nofp\libgcc.a
LOAD C:/ST/STM32CubeIDE_2.1.1/STM32CubeIDE/plugins/com.st.stm32cube.ide.mcu.externaltools.gnu-tools-for-stm32.14.3.rel1.win32_1.0.100.202602081740/tools/bin/../lib/gcc/arm-none-eabi/14.3.1/../../../../arm-none-eabi/lib/thumb/v7-m/nofp\libc_nano.a
LOAD C:/ST/STM32CubeIDE_2.1.1/STM32CubeIDE/plugins/com.st.stm32cube.ide.mcu.externaltools.gnu-tools-for-stm32.14.3.rel1.win32_1.0.100.202602081740/tools/bin/../lib/gcc/arm-none-eabi/14.3.1/../../../../arm-none-eabi/lib/thumb/v7-m/nofp\libnosys.a
END GROUP
START GROUP
LOAD C:/ST/STM32CubeIDE_2.1.1/STM32CubeIDE/plugins/com.st.stm32cube.ide.mcu.externaltools.gnu-tools-for-stm32.14.3.rel1.win32_1.0.100.202602081740/tools/bin/../lib/gcc/arm-none-eabi/14.3.1/thumb/v7-m/nofp\libgcc.a
LOAD C:/ST/STM32CubeIDE_2.1.1/STM32CubeIDE/plugins/com.st.stm32cube.ide.mcu.externaltools.gnu-tools-for-stm32.14.3.rel1.win32_1.0.100.202602081740/tools/bin/../lib/gcc/arm-none-eabi/14.3.1/../../../../arm-none-eabi/lib/thumb/v7-m/nofp\libc_nano.a
LOAD C:/ST/STM32CubeIDE_2.1.1/STM32CubeIDE/plugins/com.st.stm32cube.ide.mcu.externaltools.gnu-tools-for-stm32.14.3.rel1.win32_1.0.100.202602081740/tools/bin/../lib/gcc/arm-none-eabi/14.3.1/../../../../arm-none-eabi/lib/thumb/v7-m/nofp\libnosys.a
END GROUP
LOAD C:/ST/STM32CubeIDE_2.1.1/STM32CubeIDE/plugins/com.st.stm32cube.ide.mcu.externaltools.gnu-tools-for-stm32.14.3.rel1.win32_1.0.100.202602081740/tools/bin/../lib/gcc/arm-none-eabi/14.3.1/thumb/v7-m/nofp/crtend.o
LOAD C:/ST/STM32CubeIDE_2.1.1/STM32CubeIDE/plugins/com.st.stm32cube.ide.mcu.externaltools.gnu-tools-for-stm32.14.3.rel1.win32_1.0.100.202602081740/tools/bin/../lib/gcc/arm-none-eabi/14.3.1/thumb/v7-m/nofp/crtn.o
                0x20005000                        _estack = (ORIGIN (RAM) + LENGTH (RAM))
                0x00000200                        _Min_Heap_Size = 0x200
                0x00000400                        _Min_Stack_Size = 0x400

.isr_vector     0x08000000      0x10c
                0x08000000                        . = ALIGN (0x4)
 *(.isr_vector)
 .isr_vector    0x08000000      0x10c ./Core/Startup/startup_stm32f103rbtx.o
                0x08000000                g_pfnVectors
                0x0800010c                        . = ALIGN (0x4)

.text           0x0800010c     0x10e8
                0x0800010c                        . = ALIGN (0x4)
 *(.text)
 .text          0x0800010c       0x40 C:/ST/STM32CubeIDE_2.1.1/STM32CubeIDE/plugins/com.st.stm32cube.ide.mcu.externaltools.gnu-tools-for-stm32.14.3.rel1.win32_1.0.100.202602081740/tools/bin/../lib/gcc/arm-none-eabi/14.3.1/thumb/v7-m/nofp/crtbegin.o
 *(.text*)
 .text.__NVIC_SetPriorityGrouping
                0x0800014c       0x48 ./Core/Src/main.o
 .text.__NVIC_GetPriorityGrouping
                0x08000194       0x1c ./Core/Src/main.o
 .text.__NVIC_EnableIRQ
                0x080001b0       0x38 ./Core/Src/main.o
 .text.__NVIC_SetPriority
                0x080001e8       0x54 ./Core/Src/main.o
 .text.NVIC_EncodePriority
                0x0800023c       0x64 ./Core/Src/main.o
 .text.LL_RCC_HSE_EnableBypass
                0x080002a0       0x1c ./Core/Src/main.o
 .text.LL_RCC_HSE_Enable
                0x080002bc       0x1c ./Core/Src/main.o
 .text.LL_RCC_HSE_IsReady
                0x080002d8       0x24 ./Core/Src/main.o
 .text.LL_RCC_SetSysClkSource
                0x080002fc       0x28 ./Core/Src/main.o
 .text.LL_RCC_GetSysClkSource
                0x08000324       0x18 ./Core/Src/main.o
 .text.LL_RCC_SetAHBPrescaler
                0x0800033c       0x28 ./Core/Src/main.o
 .text.LL_RCC_SetAPB1Prescaler
                0x08000364       0x28 ./Core/Src/main.o
 .text.LL_RCC_SetAPB2Prescaler
                0x0800038c       0x28 ./Core/Src/main.o
 .text.LL_RCC_PLL_Enable
                0x080003b4       0x1c ./Core/Src/main.o
 .text.LL_RCC_PLL_IsReady
                0x080003d0       0x24 ./Core/Src/main.o
 .text.LL_RCC_PLL_ConfigDomain_SYS
                0x080003f4       0x30 ./Core/Src/main.o
 .text.LL_APB1_GRP1_EnableClock
                0x08000424       0x30 ./Core/Src/main.o
 .text.LL_APB2_GRP1_EnableClock
                0x08000454       0x30 ./Core/Src/main.o
 .text.LL_FLASH_SetLatency
                0x08000484       0x28 ./Core/Src/main.o
 .text.LL_FLASH_GetLatency
                0x080004ac       0x18 ./Core/Src/main.o
 .text.LL_TIM_EnableCounter
                0x080004c4       0x1e ./Core/Src/main.o
 .text.LL_TIM_DisableCounter
                0x080004e2       0x1e ./Core/Src/main.o
 .text.LL_TIM_DisableARRPreload
                0x08000500       0x1e ./Core/Src/main.o
 .text.LL_TIM_SetCounter
                0x0800051e       0x1a ./Core/Src/main.o
 .text.LL_TIM_SetAutoReload
                0x08000538       0x1a ./Core/Src/main.o
 .text.LL_TIM_SetClockSource
                0x08000552       0x28 ./Core/Src/main.o
 .text.LL_TIM_SetTriggerOutput
                0x0800057a       0x24 ./Core/Src/main.o
 .text.LL_TIM_DisableMasterSlaveMode
                0x0800059e       0x1e ./Core/Src/main.o
 .text.LL_TIM_EnableIT_UPDATE
                0x080005bc       0x1e ./Core/Src/main.o
 .text.LL_GPIO_SetPinMode
                0x080005da       0x64 ./Core/Src/main.o
 .text.LL_GPIO_ResetOutputPin
                0x0800063e       0x1e ./Core/Src/main.o
 .text.LL_GPIO_AF_Remap_SWJ_NOJTAG
                0x0800065c       0x20 ./Core/Src/main.o
 .text.LL_GPIO_AF_SetEXTISource
                0x0800067c       0x5c ./Core/Src/main.o
 .text.Motor_SetFreq
                0x080006d8       0x64 ./Core/Src/main.o
                0x080006d8                Motor_SetFreq
 .text.main     0x0800073c       0x98 ./Core/Src/main.o
                0x0800073c                main
 .text.SystemClock_Config
                0x080007d4       0x80 ./Core/Src/main.o
                0x080007d4                SystemClock_Config
 .text.MX_TIM2_Init
                0x08000854       0x88 ./Core/Src/main.o
 .text.MX_GPIO_Init
                0x080008dc       0xc4 ./Core/Src/main.o
 .text.LL_EXTI_IsActiveFlag_0_31
                0x080009a0       0x2c ./Core/Src/stm32f1xx_it.o
 .text.LL_EXTI_ClearFlag_0_31
                0x080009cc       0x1c ./Core/Src/stm32f1xx_it.o
 .text.LL_TIM_ClearFlag_UPDATE
                0x080009e8       0x1a ./Core/Src/stm32f1xx_it.o
 .text.LL_TIM_IsActiveFlag_UPDATE
                0x08000a02       0x24 ./Core/Src/stm32f1xx_it.o
 .text.LL_GPIO_TogglePin
                0x08000a26       0x38 ./Core/Src/stm32f1xx_it.o
 .text.NMI_Handler
                0x08000a5e        0x8 ./Core/Src/stm32f1xx_it.o
                0x08000a5e                NMI_Handler
 .text.HardFault_Handler
                0x08000a66        0x8 ./Core/Src/stm32f1xx_it.o
                0x08000a66                HardFault_Handler
 .text.MemManage_Handler
                0x08000a6e        0x8 ./Core/Src/stm32f1xx_it.o
                0x08000a6e                MemManage_Handler
 .text.BusFault_Handler
                0x08000a76        0x8 ./Core/Src/stm32f1xx_it.o
                0x08000a76                BusFault_Handler
 .text.UsageFault_Handler
                0x08000a7e        0x8 ./Core/Src/stm32f1xx_it.o
                0x08000a7e                UsageFault_Handler
 .text.SVC_Handler
                0x08000a86        0xc ./Core/Src/stm32f1xx_it.o
                0x08000a86                SVC_Handler
 .text.DebugMon_Handler
                0x08000a92        0xc ./Core/Src/stm32f1xx_it.o
                0x08000a92                DebugMon_Handler
 .text.PendSV_Handler
                0x08000a9e        0xc ./Core/Src/stm32f1xx_it.o
                0x08000a9e                PendSV_Handler
 .text.SysTick_Handler
                0x08000aaa        0xc ./Core/Src/stm32f1xx_it.o
                0x08000aaa                SysTick_Handler
 *fill*         0x08000ab6        0x2 
 .text.TIM2_IRQHandler
                0x08000ab8       0x2c ./Core/Src/stm32f1xx_it.o
                0x08000ab8                TIM2_IRQHandler
 .text.EXTI15_10_IRQHandler
                0x08000ae4       0x1e ./Core/Src/stm32f1xx_it.o
                0x08000ae4                EXTI15_10_IRQHandler
 .text.SystemInit
                0x08000b02        0xc ./Core/Src/system_stm32f1xx.o
                0x08000b02                SystemInit
 *fill*         0x08000b0e        0x2 
 .text.Reset_Handler
                0x08000b10       0x48 ./Core/Startup/startup_stm32f103rbtx.o
                0x08000b10                Reset_Handler
 .text.Default_Handler
                0x08000b58        0x2 ./Core/Startup/startup_stm32f103rbtx.o
                0x08000b58                RTC_Alarm_IRQHandler
                0x08000b58                EXTI2_IRQHandler
                0x08000b58                TIM1_CC_IRQHandler
                0x08000b58                PVD_IRQHandler
                0x08000b58                EXTI3_IRQHandler
                0x08000b58                EXTI0_IRQHandler
                0x08000b58                I2C2_EV_IRQHandler
                0x08000b58                ADC1_2_IRQHandler
                0x08000b58                SPI1_IRQHandler
                0x08000b58                TAMPER_IRQHandler
                0x08000b58                DMA1_Channel4_IRQHandler
                0x08000b58                USART3_IRQHandler
                0x08000b58                RTC_IRQHandler
                0x08000b58                DMA1_Channel7_IRQHandler
                0x08000b58                CAN1_RX1_IRQHandler
                0x08000b58                TIM4_IRQHandler
                0x08000b58                I2C1_EV_IRQHandler
                0x08000b58                DMA1_Channel6_IRQHandler
                0x08000b58                TIM3_IRQHandler
                0x08000b58                RCC_IRQHandler
                0x08000b58                TIM1_TRG_COM_IRQHandler
                0x08000b58                DMA1_Channel1_IRQHandler
                0x08000b58                Default_Handler
                0x08000b58                EXTI9_5_IRQHandler
                0x08000b58                SPI2_IRQHandler
                0x08000b58                DMA1_Channel5_IRQHandler
                0x08000b58                EXTI4_IRQHandler
                0x08000b58                USB_LP_CAN1_RX0_IRQHandler
                0x08000b58                USB_HP_CAN1_TX_IRQHandler
                0x08000b58                DMA1_Channel3_IRQHandler
                0x08000b58                TIM1_UP_IRQHandler
                0x08000b58                WWDG_IRQHandler
                0x08000b58                TIM1_BRK_IRQHandler
                0x08000b58                EXTI1_IRQHandler
                0x08000b58                USART2_IRQHandler
                0x08000b58                I2C2_ER_IRQHandler
                0x08000b58                DMA1_Channel2_IRQHandler
                0x08000b58                CAN1_SCE_IRQHandler
                0x08000b58                FLASH_IRQHandler
                0x08000b58                USART1_IRQHandler
                0x08000b58                I2C1_ER_IRQHandler
                0x08000b58                USBWakeUp_IRQHandler
 *fill*         0x08000b5a        0x2 
 .text.LL_EXTI_EnableIT_0_31
                0x08000b5c       0x24 ./Drivers/STM32F1xx_HAL_Driver/Src/stm32f1xx_ll_exti.o
 .text.LL_EXTI_DisableIT_0_31
                0x08000b80       0x24 ./Drivers/STM32F1xx_HAL_Driver/Src/stm32f1xx_ll_exti.o
 .text.LL_EXTI_EnableEvent_0_31
                0x08000ba4       0x24 ./Drivers/STM32F1xx_HAL_Driver/Src/stm32f1xx_ll_exti.o
 .text.LL_EXTI_DisableEvent_0_31
                0x08000bc8       0x24 ./Drivers/STM32F1xx_HAL_Driver/Src/stm32f1xx_ll_exti.o
 .text.LL_EXTI_EnableRisingTrig_0_31
                0x08000bec       0x24 ./Drivers/STM32F1xx_HAL_Driver/Src/stm32f1xx_ll_exti.o
 .text.LL_EXTI_DisableRisingTrig_0_31
                0x08000c10       0x24 ./Drivers/STM32F1xx_HAL_Driver/Src/stm32f1xx_ll_exti.o
 .text.LL_EXTI_EnableFallingTrig_0_31
                0x08000c34       0x24 ./Drivers/STM32F1xx_HAL_Driver/Src/stm32f1xx_ll_exti.o
 .text.LL_EXTI_DisableFallingTrig_0_31
                0x08000c58       0x24 ./Drivers/STM32F1xx_HAL_Driver/Src/stm32f1xx_ll_exti.o
 .text.LL_EXTI_Init
                0x08000c7c       0xfe ./Drivers/STM32F1xx_HAL_Driver/Src/stm32f1xx_ll_exti.o
                0x08000c7c                LL_EXTI_Init
 .text.LL_GPIO_SetPinMode
                0x08000d7a       0x64 ./Drivers/STM32F1xx_HAL_Driver/Src/stm32f1xx_ll_gpio.o
 .text.LL_GPIO_SetPinSpeed
                0x08000dde       0x64 ./Drivers/STM32F1xx_HAL_Driver/Src/stm32f1xx_ll_gpio.o
 .text.LL_GPIO_SetPinOutputType
                0x08000e42       0x64 ./Drivers/STM32F1xx_HAL_Driver/Src/stm32f1xx_ll_gpio.o
 .text.LL_GPIO_SetPinPull
                0x08000ea6       0x44 ./Drivers/STM32F1xx_HAL_Driver/Src/stm32f1xx_ll_gpio.o
 .text.LL_GPIO_Init
                0x08000eea       0xcc ./Drivers/STM32F1xx_HAL_Driver/Src/stm32f1xx_ll_gpio.o
                0x08000eea                LL_GPIO_Init
 .text.LL_TIM_SetPrescaler
                0x08000fb6       0x1a ./Drivers/STM32F1xx_HAL_Driver/Src/stm32f1xx_ll_tim.o
 .text.LL_TIM_SetAutoReload
                0x08000fd0       0x1a ./Drivers/STM32F1xx_HAL_Driver/Src/stm32f1xx_ll_tim.o
 .text.LL_TIM_SetRepetitionCounter
                0x08000fea       0x1a ./Drivers/STM32F1xx_HAL_Driver/Src/stm32f1xx_ll_tim.o
 .text.LL_TIM_GenerateEvent_UPDATE
                0x08001004       0x1e ./Drivers/STM32F1xx_HAL_Driver/Src/stm32f1xx_ll_tim.o
 *fill*         0x08001022        0x2 
 .text.LL_TIM_Init
                0x08001024       0xbc ./Drivers/STM32F1xx_HAL_Driver/Src/stm32f1xx_ll_tim.o
                0x08001024                LL_TIM_Init
 .text.LL_InitTick
                0x080010e0       0x34 ./Drivers/STM32F1xx_HAL_Driver/Src/stm32f1xx_ll_utils.o
 .text.LL_Init1msTick
                0x08001114       0x1a ./Drivers/STM32F1xx_HAL_Driver/Src/stm32f1xx_ll_utils.o
                0x08001114                LL_Init1msTick
 *fill*         0x0800112e        0x2 
 .text.LL_mDelay
                0x08001130       0x48 ./Drivers/STM32F1xx_HAL_Driver/Src/stm32f1xx_ll_utils.o
                0x08001130                LL_mDelay
 .text.LL_SetSystemCoreClock
                0x08001178       0x1c ./Drivers/STM32F1xx_HAL_Driver/Src/stm32f1xx_ll_utils.o
                0x08001178                LL_SetSystemCoreClock
 .text.__libc_init_array
                0x08001194       0x48 C:/ST/STM32CubeIDE_2.1.1/STM32CubeIDE/plugins/com.st.stm32cube.ide.mcu.externaltools.gnu-tools-for-stm32.14.3.rel1.win32_1.0.100.202602081740/tools/bin/../lib/gcc/arm-none-eabi/14.3.1/../../../../arm-none-eabi/lib/thumb/v7-m/nofp\libc_nano.a(libc_a-init.o)
                0x08001194                __libc_init_array
 *(.glue_7)
 .glue_7        0x080011dc        0x0 linker stubs
 *(.glue_7t)
 .glue_7t       0x080011dc        0x0 linker stubs
 *(.eh_frame)
 .eh_frame      0x080011dc        0x0 C:/ST/STM32CubeIDE_2.1.1/STM32CubeIDE/plugins/com.st.stm32cube.ide.mcu.externaltools.gnu-tools-for-stm32.14.3.rel1.win32_1.0.100.202602081740/tools/bin/../lib/gcc/arm-none-eabi/14.3.1/thumb/v7-m/nofp/crtbegin.o
 *(.init)
 .init          0x080011dc        0x4 C:/ST/STM32CubeIDE_2.1.1/STM32CubeIDE/plugins/com.st.stm32cube.ide.mcu.externaltools.gnu-tools-for-stm32.14.3.rel1.win32_1.0.100.202602081740/tools/bin/../lib/gcc/arm-none-eabi/14.3.1/thumb/v7-m/nofp/crti.o
                0x080011dc                _init
 .init          0x080011e0        0x8 C:/ST/STM32CubeIDE_2.1.1/STM32CubeIDE/plugins/com.st.stm32cube.ide.mcu.externaltools.gnu-tools-for-stm32.14.3.rel1.win32_1.0.100.202602081740/tools/bin/../lib/gcc/arm-none-eabi/14.3.1/thumb/v7-m/nofp/crtn.o
 *(.fini)
 .fini          0x080011e8        0x4 C:/ST/STM32CubeIDE_2.1.1/STM32CubeIDE/plugins/com.st.stm32cube.ide.mcu.externaltools.gnu-tools-for-stm32.14.3.rel1.win32_1.0.100.202602081740/tools/bin/../lib/gcc/arm-none-eabi/14.3.1/thumb/v7-m/nofp/crti.o
                0x080011e8                _fini
 .fini          0x080011ec        0x8 C:/ST/STM32CubeIDE_2.1.1/STM32CubeIDE/plugins/com.st.stm32cube.ide.mcu.externaltools.gnu-tools-for-stm32.14.3.rel1.win32_1.0.100.202602081740/tools/bin/../lib/gcc/arm-none-eabi/14.3.1/thumb/v7-m/nofp/crtn.o
                0x080011f4                        . = ALIGN (0x4)
                0x080011f4                        _etext = .

.vfp11_veneer   0x080011f4        0x0
 .vfp11_veneer  0x080011f4        0x0 linker stubs

.v4_bx          0x080011f4        0x0
 .v4_bx         0x080011f4        0x0 linker stubs

.iplt           0x080011f4        0x0
 .iplt          0x080011f4        0x0 C:/ST/STM32CubeIDE_2.1.1/STM32CubeIDE/plugins/com.st.stm32cube.ide.mcu.externaltools.gnu-tools-for-stm32.14.3.rel1.win32_1.0.100.202602081740/tools/bin/../lib/gcc/arm-none-eabi/14.3.1/thumb/v7-m/nofp/crtbegin.o

.rodata         0x080011f4        0x0
                0x080011f4                        . = ALIGN (0x4)
 *(.rodata)
 *(.rodata*)
                0x080011f4                        . = ALIGN (0x4)

.ARM.extab      0x080011f4        0x0
                0x080011f4                        . = ALIGN (0x4)
 *(.ARM.extab* .gnu.linkonce.armextab.*)
                0x080011f4                        . = ALIGN (0x4)

.ARM            0x080011f4        0x0
                0x080011f4                        . = ALIGN (0x4)
                0x080011f4                        __exidx_start = .
 *(.ARM.exidx*)
                0x080011f4                        __exidx_end = .
                0x080011f4                        . = ALIGN (0x4)

.preinit_array  0x080011f4        0x0
                0x080011f4                        . = ALIGN (0x4)
                0x080011f4                        PROVIDE (__preinit_array_start = .)
 *(.preinit_array*)
                0x080011f4                        PROVIDE (__preinit_array_end = .)
                0x080011f4                        . = ALIGN (0x4)

.init_array     0x080011f4        0x4
                0x080011f4                        . = ALIGN (0x4)
                0x080011f4                        PROVIDE (__init_array_start = .)
 *(SORT_BY_NAME(.init_array.*))
 *(.init_array*)
 .init_array    0x080011f4        0x4 C:/ST/STM32CubeIDE_2.1.1/STM32CubeIDE/plugins/com.st.stm32cube.ide.mcu.externaltools.gnu-tools-for-stm32.14.3.rel1.win32_1.0.100.202602081740/tools/bin/../lib/gcc/arm-none-eabi/14.3.1/thumb/v7-m/nofp/crtbegin.o
                0x080011f8                        PROVIDE (__init_array_end = .)
                0x080011f8                        . = ALIGN (0x4)

.fini_array     0x080011f8        0x4
                0x080011f8                        . = ALIGN (0x4)
                [!provide]                        PROVIDE (__fini_array_start = .)
 *(SORT_BY_NAME(.fini_array.*))
 *(.fini_array*)
 .fini_array    0x080011f8        0x4 C:/ST/STM32CubeIDE_2.1.1/STM32CubeIDE/plugins/com.st.stm32cube.ide.mcu.externaltools.gnu-tools-for-stm32.14.3.rel1.win32_1.0.100.202602081740/tools/bin/../lib/gcc/arm-none-eabi/14.3.1/thumb/v7-m/nofp/crtbegin.o
                [!provide]                        PROVIDE (__fini_array_end = .)
                0x080011fc                        . = ALIGN (0x4)
                0x080011fc                        _sidata = LOADADDR (.data)

.rel.dyn        0x080011fc        0x0
 .rel.iplt      0x080011fc        0x0 C:/ST/STM32CubeIDE_2.1.1/STM32CubeIDE/plugins/com.st.stm32cube.ide.mcu.externaltools.gnu-tools-for-stm32.14.3.rel1.win32_1.0.100.202602081740/tools/bin/../lib/gcc/arm-none-eabi/14.3.1/thumb/v7-m/nofp/crtbegin.o

.data           0x20000000      0x208 load address 0x080011fc
                0x20000000                        . = ALIGN (0x4)
                0x20000000                        _sdata = .
 *(.data)
 *(.data*)
 .data.gt1      0x20000000      0x204 ./Core/Src/main.o
                0x20000000                gt1
 .data.SystemCoreClock
                0x20000204        0x4 ./Core/Src/system_stm32f1xx.o
                0x20000204                SystemCoreClock
 *(.RamFunc)
 *(.RamFunc*)
                0x20000208                        . = ALIGN (0x4)
                0x20000208                        _edata = .

.igot.plt       0x20000208        0x0 load address 0x08001404
 .igot.plt      0x20000208        0x0 C:/ST/STM32CubeIDE_2.1.1/STM32CubeIDE/plugins/com.st.stm32cube.ide.mcu.externaltools.gnu-tools-for-stm32.14.3.rel1.win32_1.0.100.202602081740/tools/bin/../lib/gcc/arm-none-eabi/14.3.1/thumb/v7-m/nofp/crtbegin.o
                0x20000208                        . = ALIGN (0x4)

.bss            0x20000208       0x1c load address 0x08001404
                0x20000208                        _sbss = .
                0x20000208                        __bss_start__ = _sbss
 *(.bss)
 .bss           0x20000208       0x1c C:/ST/STM32CubeIDE_2.1.1/STM32CubeIDE/plugins/com.st.stm32cube.ide.mcu.externaltools.gnu-tools-for-stm32.14.3.rel1.win32_1.0.100.202602081740/tools/bin/../lib/gcc/arm-none-eabi/14.3.1/thumb/v7-m/nofp/crtbegin.o
 *(.bss*)
 *(COMMON)
                0x20000224                        . = ALIGN (0x4)
                0x20000224                        _ebss = .
                0x20000224                        __bss_end__ = _ebss

._user_heap_stack
                0x20000224      0x604 load address 0x08001404
                0x20000228                        . = ALIGN (0x8)
 *fill*         0x20000224        0x4 
                [!provide]                        PROVIDE (end = .)
                0x20000228                        PROVIDE (_end = .)
                0x20000428                        . = (. + _Min_Heap_Size)
 *fill*         0x20000228      0x200 
                0x20000828                        . = (. + _Min_Stack_Size)
 *fill*         0x20000428      0x400 
                0x20000828                        . = ALIGN (0x8)

/DISCARD/
 libc.a(*)
 libm.a(*)
 libgcc.a(*)

.ARM.attributes
                0x00000000       0x29
 *(.ARM.attributes)
 .ARM.attributes
                0x00000000       0x1d C:/ST/STM32CubeIDE_2.1.1/STM32CubeIDE/plugins/com.st.stm32cube.ide.mcu.externaltools.gnu-tools-for-stm32.14.3.rel1.win32_1.0.100.202602081740/tools/bin/../lib/gcc/arm-none-eabi/14.3.1/thumb/v7-m/nofp/crti.o
 .ARM.attributes
                0x0000001d       0x2d C:/ST/STM32CubeIDE_2.1.1/STM32CubeIDE/plugins/com.st.stm32cube.ide.mcu.externaltools.gnu-tools-for-stm32.14.3.rel1.win32_1.0.100.202602081740/tools/bin/../lib/gcc/arm-none-eabi/14.3.1/thumb/v7-m/nofp/crtbegin.o
 .ARM.attributes
                0x0000004a       0x2d ./Core/Src/main.o
 .ARM.attributes
                0x00000077       0x2d ./Core/Src/stm32f1xx_it.o
 .ARM.attributes
                0x000000a4       0x2d ./Core/Src/system_stm32f1xx.o
 .ARM.attributes
                0x000000d1       0x21 ./Core/Startup/startup_stm32f103rbtx.o
 .ARM.attributes
                0x000000f2       0x2d ./Drivers/STM32F1xx_HAL_Driver/Src/stm32f1xx_ll_exti.o
 .ARM.attributes
                0x0000011f       0x2d ./Drivers/STM32F1xx_HAL_Driver/Src/stm32f1xx_ll_gpio.o
 .ARM.attributes
                0x0000014c       0x2d ./Drivers/STM32F1xx_HAL_Driver/Src/stm32f1xx_ll_tim.o
 .ARM.attributes
                0x00000179       0x2d ./Drivers/STM32F1xx_HAL_Driver/Src/stm32f1xx_ll_utils.o
 .ARM.attributes
                0x000001a6       0x2d C:/ST/STM32CubeIDE_2.1.1/STM32CubeIDE/plugins/com.st.stm32cube.ide.mcu.externaltools.gnu-tools-for-stm32.14.3.rel1.win32_1.0.100.202602081740/tools/bin/../lib/gcc/arm-none-eabi/14.3.1/../../../../arm-none-eabi/lib/thumb/v7-m/nofp\libc_nano.a(libc_a-init.o)
 .ARM.attributes
                0x000001d3       0x1d C:/ST/STM32CubeIDE_2.1.1/STM32CubeIDE/plugins/com.st.stm32cube.ide.mcu.externaltools.gnu-tools-for-stm32.14.3.rel1.win32_1.0.100.202602081740/tools/bin/../lib/gcc/arm-none-eabi/14.3.1/thumb/v7-m/nofp/crtn.o
OUTPUT(Thorn_Spin.elf elf32-littlearm)
LOAD linker stubs
LOAD C:/ST/STM32CubeIDE_2.1.1/STM32CubeIDE/plugins/com.st.stm32cube.ide.mcu.externaltools.gnu-tools-for-stm32.14.3.rel1.win32_1.0.100.202602081740/tools/bin/../lib/gcc/arm-none-eabi/14.3.1/../../../../arm-none-eabi/lib/thumb/v7-m/nofp\libc.a
LOAD C:/ST/STM32CubeIDE_2.1.1/STM32CubeIDE/plugins/com.st.stm32cube.ide.mcu.externaltools.gnu-tools-for-stm32.14.3.rel1.win32_1.0.100.202602081740/tools/bin/../lib/gcc/arm-none-eabi/14.3.1/../../../../arm-none-eabi/lib/thumb/v7-m/nofp\libm.a
LOAD C:/ST/STM32CubeIDE_2.1.1/STM32CubeIDE/plugins/com.st.stm32cube.ide.mcu.externaltools.gnu-tools-for-stm32.14.3.rel1.win32_1.0.100.202602081740/tools/bin/../lib/gcc/arm-none-eabi/14.3.1/thumb/v7-m/nofp\libgcc.a

.debug_info     0x00000000     0x3863
 .debug_info    0x00000000     0x127f ./Core/Src/main.o
 .debug_info    0x0000127f      0x4d2 ./Core/Src/stm32f1xx_it.o
 .debug_info    0x00001751      0x21b ./Core/Src/system_stm32f1xx.o
 .debug_info    0x0000196c       0x30 ./Core/Startup/startup_stm32f103rbtx.o
 .debug_info    0x0000199c      0x330 ./Drivers/STM32F1xx_HAL_Driver/Src/stm32f1xx_ll_exti.o
 .debug_info    0x00001ccc      0x59a ./Drivers/STM32F1xx_HAL_Driver/Src/stm32f1xx_ll_gpio.o
 .debug_info    0x00002266      0xe1c ./Drivers/STM32F1xx_HAL_Driver/Src/stm32f1xx_ll_tim.o
 .debug_info    0x00003082      0x7e1 ./Drivers/STM32F1xx_HAL_Driver/Src/stm32f1xx_ll_utils.o

.debug_abbrev   0x00000000      0xe83
 .debug_abbrev  0x00000000      0x393 ./Core/Src/main.o
 .debug_abbrev  0x00000393      0x19a ./Core/Src/stm32f1xx_it.o
 .debug_abbrev  0x0000052d      0x13f ./Core/Src/system_stm32f1xx.o
 .debug_abbrev  0x0000066c       0x24 ./Core/Startup/startup_stm32f103rbtx.o
 .debug_abbrev  0x00000690      0x18a ./Drivers/STM32F1xx_HAL_Driver/Src/stm32f1xx_ll_exti.o
 .debug_abbrev  0x0000081a      0x20d ./Drivers/STM32F1xx_HAL_Driver/Src/stm32f1xx_ll_gpio.o
 .debug_abbrev  0x00000a27      0x20e ./Drivers/STM32F1xx_HAL_Driver/Src/stm32f1xx_ll_tim.o
 .debug_abbrev  0x00000c35      0x24e ./Drivers/STM32F1xx_HAL_Driver/Src/stm32f1xx_ll_utils.o

.debug_aranges  0x00000000      0x528
 .debug_aranges
                0x00000000      0x150 ./Core/Src/main.o
 .debug_aranges
                0x00000150       0x98 ./Core/Src/stm32f1xx_it.o
 .debug_aranges
                0x000001e8       0x28 ./Core/Src/system_stm32f1xx.o
 .debug_aranges
                0x00000210       0x28 ./Core/Startup/startup_stm32f103rbtx.o
 .debug_aranges
                0x00000238       0x70 ./Drivers/STM32F1xx_HAL_Driver/Src/stm32f1xx_ll_exti.o
 .debug_aranges
                0x000002a8       0x60 ./Drivers/STM32F1xx_HAL_Driver/Src/stm32f1xx_ll_gpio.o
 .debug_aranges
                0x00000308      0x128 ./Drivers/STM32F1xx_HAL_Driver/Src/stm32f1xx_ll_tim.o
 .debug_aranges
                0x00000430       0xf8 ./Drivers/STM32F1xx_HAL_Driver/Src/stm32f1xx_ll_utils.o

.debug_rnglists
                0x00000000      0x3cb
 .debug_rnglists
                0x00000000       0xfb ./Core/Src/main.o
 .debug_rnglists
                0x000000fb       0x6d ./Core/Src/stm32f1xx_it.o
 .debug_rnglists
                0x00000168       0x1a ./Core/Src/system_stm32f1xx.o
 .debug_rnglists
                0x00000182       0x19 ./Core/Startup/startup_stm32f103rbtx.o
 .debug_rnglists
                0x0000019b       0x50 ./Drivers/STM32F1xx_HAL_Driver/Src/stm32f1xx_ll_exti.o
 .debug_rnglists
                0x000001eb       0x45 ./Drivers/STM32F1xx_HAL_Driver/Src/stm32f1xx_ll_gpio.o
 .debug_rnglists
                0x00000230       0xe4 ./Drivers/STM32F1xx_HAL_Driver/Src/stm32f1xx_ll_tim.o
 .debug_rnglists
                0x00000314       0xb7 ./Drivers/STM32F1xx_HAL_Driver/Src/stm32f1xx_ll_utils.o

.debug_macro    0x00000000    0x120fb
 .debug_macro   0x00000000      0x30d ./Core/Src/main.o
 .debug_macro   0x0000030d      0xafc ./Core/Src/main.o
 .debug_macro   0x00000e09       0x2e ./Core/Src/main.o
 .debug_macro   0x00000e37       0x22 ./Core/Src/main.o
 .debug_macro   0x00000e59       0x22 ./Core/Src/main.o
 .debug_macro   0x00000e7b       0x8e ./Core/Src/main.o
 .debug_macro   0x00000f09       0x51 ./Core/Src/main.o
 .debug_macro   0x00000f5a      0x103 ./Core/Src/main.o
 .debug_macro   0x0000105d       0x6a ./Core/Src/main.o
 .debug_macro   0x000010c7      0x1df ./Core/Src/main.o
 .debug_macro   0x000012a6       0x1c ./Core/Src/main.o
 .debug_macro   0x000012c2       0x22 ./Core/Src/main.o
 .debug_macro   0x000012e4       0xbd ./Core/Src/main.o
 .debug_macro   0x000013a1      0xd23 ./Core/Src/main.o
 .debug_macro   0x000020c4     0xe09e ./Core/Src/main.o
 .debug_macro   0x00010162       0x6d ./Core/Src/main.o
 .debug_macro   0x000101cf      0x2b8 ./Core/Src/main.o
 .debug_macro   0x00010487       0xd7 ./Core/Src/main.o
 .debug_macro   0x0001055e       0x74 ./Core/Src/main.o
 .debug_macro   0x000105d2       0xd0 ./Core/Src/main.o
 .debug_macro   0x000106a2       0x28 ./Core/Src/main.o
 .debug_macro   0x000106ca       0x2a ./Core/Src/main.o
 .debug_macro   0x000106f4       0x90 ./Core/Src/main.o
 .debug_macro   0x00010784      0x287 ./Core/Src/main.o
 .debug_macro   0x00010a0b      0x57a ./Core/Src/main.o
 .debug_macro   0x00010f85      0x229 ./Core/Src/main.o
 .debug_macro   0x000111ae       0xa0 ./Core/Src/main.o
 .debug_macro   0x0001124e      0x135 ./Core/Src/stm32f1xx_it.o
 .debug_macro   0x00011383       0xbc ./Core/Src/system_stm32f1xx.o
 .debug_macro   0x0001143f       0xe3 ./Drivers/STM32F1xx_HAL_Driver/Src/stm32f1xx_ll_exti.o
 .debug_macro   0x00011522       0xca ./Drivers/STM32F1xx_HAL_Driver/Src/stm32f1xx_ll_exti.o
 .debug_macro   0x000115ec       0xf8 ./Drivers/STM32F1xx_HAL_Driver/Src/stm32f1xx_ll_gpio.o
 .debug_macro   0x000116e4      0x223 ./Drivers/STM32F1xx_HAL_Driver/Src/stm32f1xx_ll_gpio.o
 .debug_macro   0x00011907      0x147 ./Drivers/STM32F1xx_HAL_Driver/Src/stm32f1xx_ll_tim.o
 .debug_macro   0x00011a4e      0x574 ./Drivers/STM32F1xx_HAL_Driver/Src/stm32f1xx_ll_tim.o
 .debug_macro   0x00011fc2      0x139 ./Drivers/STM32F1xx_HAL_Driver/Src/stm32f1xx_ll_utils.o

.debug_line     0x00000000     0x3bfe
 .debug_line    0x00000000      0xbcb ./Core/Src/main.o
 .debug_line    0x00000bcb      0x788 ./Core/Src/stm32f1xx_it.o
 .debug_line    0x00001353      0x564 ./Core/Src/system_stm32f1xx.o
 .debug_line    0x000018b7       0x78 ./Core/Startup/startup_stm32f103rbtx.o
 .debug_line    0x0000192f      0x682 ./Drivers/STM32F1xx_HAL_Driver/Src/stm32f1xx_ll_exti.o
 .debug_line    0x00001fb1      0x7ca ./Drivers/STM32F1xx_HAL_Driver/Src/stm32f1xx_ll_gpio.o
 .debug_line    0x0000277b      0xade ./Drivers/STM32F1xx_HAL_Driver/Src/stm32f1xx_ll_tim.o
 .debug_line    0x00003259      0x9a5 ./Drivers/STM32F1xx_HAL_Driver/Src/stm32f1xx_ll_utils.o

.debug_str      0x00000000    0x5ec47
 .debug_str     0x00000000    0x5ec47 ./Core/Src/main.o
                              0x5c973 (size before relaxing)
 .debug_str     0x0005ec47    0x5be69 ./Core/Src/stm32f1xx_it.o
 .debug_str     0x0005ec47    0x547bc ./Core/Src/system_stm32f1xx.o
 .debug_str     0x0005ec47       0x62 ./Core/Startup/startup_stm32f103rbtx.o
 .debug_str     0x0005ec47    0x54ee1 ./Drivers/STM32F1xx_HAL_Driver/Src/stm32f1xx_ll_exti.o
 .debug_str     0x0005ec47    0x560ff ./Drivers/STM32F1xx_HAL_Driver/Src/stm32f1xx_ll_gpio.o
 .debug_str     0x0005ec47    0x58e58 ./Drivers/STM32F1xx_HAL_Driver/Src/stm32f1xx_ll_tim.o
 .debug_str     0x0005ec47    0x5697b ./Drivers/STM32F1xx_HAL_Driver/Src/stm32f1xx_ll_utils.o

.comment        0x00000000       0x43
 .comment       0x00000000       0x43 ./Core/Src/main.o
                                 0x44 (size before relaxing)
 .comment       0x00000043       0x44 ./Core/Src/stm32f1xx_it.o
 .comment       0x00000043       0x44 ./Core/Src/system_stm32f1xx.o
 .comment       0x00000043       0x44 ./Drivers/STM32F1xx_HAL_Driver/Src/stm32f1xx_ll_exti.o
 .comment       0x00000043       0x44 ./Drivers/STM32F1xx_HAL_Driver/Src/stm32f1xx_ll_gpio.o
 .comment       0x00000043       0x44 ./Drivers/STM32F1xx_HAL_Driver/Src/stm32f1xx_ll_tim.o
 .comment       0x00000043       0x44 ./Drivers/STM32F1xx_HAL_Driver/Src/stm32f1xx_ll_utils.o

.debug_frame    0x00000000     0x1308
 .debug_frame   0x00000000      0x530 ./Core/Src/main.o
 .debug_frame   0x00000530      0x1e4 ./Core/Src/stm32f1xx_it.o
 .debug_frame   0x00000714       0x50 ./Core/Src/system_stm32f1xx.o
 .debug_frame   0x00000764      0x194 ./Drivers/STM32F1xx_HAL_Driver/Src/stm32f1xx_ll_exti.o
 .debug_frame   0x000008f8      0x160 ./Drivers/STM32F1xx_HAL_Driver/Src/stm32f1xx_ll_gpio.o
 .debug_frame   0x00000a58      0x4d8 ./Drivers/STM32F1xx_HAL_Driver/Src/stm32f1xx_ll_tim.o
 .debug_frame   0x00000f30      0x3ac ./Drivers/STM32F1xx_HAL_Driver/Src/stm32f1xx_ll_utils.o
 .debug_frame   0x000012dc       0x2c C:/ST/STM32CubeIDE_2.1.1/STM32CubeIDE/plugins/com.st.stm32cube.ide.mcu.externaltools.gnu-tools-for-stm32.14.3.rel1.win32_1.0.100.202602081740/tools/bin/../lib/gcc/arm-none-eabi/14.3.1/../../../../arm-none-eabi/lib/thumb/v7-m/nofp\libc_nano.a(libc_a-init.o)

.debug_line_str
                0x00000000       0x46
 .debug_line_str
                0x00000000       0x46 ./Core/Startup/startup_stm32f103rbtx.o
